Drill report for DMH_Slew_PANEL_v2.kicad_pcb
Created on 2026-02-21T19:39:08+0100

Copper Layer Stackup:
    =============================================================
    L1 :  F.Cu                      front
    L2 :  B.Cu                      back


Drill file 'DMH_Slew_PANEL_v2-PTH.drl' contains
    plated through holes:
    =============================================================
    T1  0.300mm  0.0118"  (80 holes)
    T2  1.000mm  0.0394"  (4 holes)  (with 4 slots)
    T3  2.400mm  0.0945"  (6 holes)
    T4  3.200mm  0.1260"  (4 holes)
    T5  6.400mm  0.2520"  (6 holes)

    Total plated holes count 100


Drill file 'DMH_Slew_PANEL_v2-NPTH.drl' contains
    unplated through holes:
    =============================================================
    T1  3.100mm  0.1220"  (4 holes)

    Total unplated holes count 4
